// Jest Snapshot v1, https://goo.gl/fbAQLP

exports[`<IndexPage /> should render 1`] = `
<div>
   Hello World! Welcome to Docs!
</div>
`;
