// Jest Snapshot v1, https://goo.gl/fbAQLP

exports[`<CodeSnippet /> should render correctly 1`] = `
<CodeSnippet>
  <pre>
    <code />
  </pre>
</CodeSnippet>
`;
